Status: 200
Response: {
  "data": {
    "model_metadata": {
      "model_name": "Post",
      "app_name": "blog",
      "filters": [
        {
          "name": "id",
          "filter_type": "NumberFilter"
        },
        {
          "name": "id__gt",
          "filter_type": "NumberFilter"
        },
        {
          "name": "id__gte",
          "filter_type": "NumberFilter"
        },
        {
          "name": "id__lt",
          "filter_type": "NumberFilter"
        },
        {
          "name": "id__lte",
          "filter_type": "NumberFilter"
        },
        {
          "name": "id__range",
          "filter_type": "RangeFilter"
        },
        {
          "name": "author",
          "filter_type": "NumberFilter"
        },
        {
          "name": "author__in",
          "filter_type": "ModelMultipleChoiceFilter"
        },
        {
          "name": "author__id__exact",
          "filter_type": "NumberFilter"
        },
        {
          "name": "author__id__gt",
          "filter_type": "NumberFilter"
        },
        {
          "name": "author__id__gte",
          "filter_type": "NumberFilter"
        },
        {
          "name": "author__id__lt",
          "filter_type": "NumberFilter"
        },
        {
          "name": "author__id__lte",
          "filter_type": "NumberFilter"
        },
        {
          "name": "author__id__range",
          "filter_type": "RangeFilter"
        },
        {
          "name": "author__password__exact",
          "filter_type": "CharFilter"
        },
        {
          "name": "author__password",
          "filter_type": "CharFilter"
        },
        {
          "name": "author__password__icontains",
          "filter_type": "CharFilter"
        },
        {
          "name": "author__password__istartswith",
          "filter_type": "CharFilter"
        },
        {
          "name": "author__password__iendswith",
          "filter_type": "CharFilter"
        },
        {
          "name": "author__last_login__exact",
          "filter_type": "DateFilter"
        },
        {
          "name": "author__last_login__gt",
          "filter_type": "DateFilter"
        },
        {
          "name": "author__last_login__gte",
          "filter_type": "DateFilter"
        },
        {
          "name": "author__last_login__lt",
          "filter_type": "DateFilter"
        },
        {
          "name": "author__last_login__lte",
          "filter_type": "DateFilter"
        },
        {
          "name": "author__last_login__date",
          "filter_type": "DateFilter"
        },
        {
          "name": "author__last_login__year",
          "filter_type": "NumberFilter"
        },
        {
          "name": "author__last_login__month",
          "filter_type": "NumberFilter"
        },
        {
          "name": "author__last_login__day",
          "filter_type": "NumberFilter"
        },
        {
          "name": "author__is_superuser__exact",
          "filter_type": "BooleanFilter"
        },
        {
          "name": "author__is_superuser",
          "filter_type": "BooleanFilter"
        },
        {
          "name": "author__is_superuser__isnull",
          "filter_type": "BooleanFilter"
        },
        {
          "name": "author__username__exact",
          "filter_type": "CharFilter"
        },
        {
          "name": "author__username",
          "filter_type": "CharFilter"
        },
        {
          "name": "author__username__icontains",
          "filter_type": "CharFilter"
        },
        {
          "name": "author__username__istartswith",
          "filter_type": "CharFilter"
        },
        {
          "name": "author__username__iendswith",
          "filter_type": "CharFilter"
        },
        {
          "name": "author__first_name__exact",
          "filter_type": "CharFilter"
        },
        {
          "name": "author__first_name",
          "filter_type": "CharFilter"
        },
        {
          "name": "author__first_name__icontains",
          "filter_type": "CharFilter"
        },
        {
          "name": "author__first_name__istartswith",
          "filter_type": "CharFilter"
        },
        {
          "name": "author__first_name__iendswith",
          "filter_type": "CharFilter"
        },
        {
          "name": "author__last_name__exact",
          "filter_type": "CharFilter"
        },
        {
          "name": "author__last_name",
          "filter_type": "CharFilter"
        },
        {
          "name": "author__last_name__icontains",
          "filter_type": "CharFilter"
        },
        {
          "name": "author__last_name__istartswith",
          "filter_type": "CharFilter"
        },
        {
          "name": "author__last_name__iendswith",
          "filter_type": "CharFilter"
        },
        {
          "name": "author__email__exact",
          "filter_type": "CharFilter"
        },
        {
          "name": "author__email",
          "filter_type": "CharFilter"
        },
        {
          "name": "author__email__icontains",
          "filter_type": "CharFilter"
        },
        {
          "name": "author__email__istartswith",
          "filter_type": "CharFilter"
        },
        {
          "name": "author__email__iendswith",
          "filter_type": "CharFilter"
        },
        {
          "name": "author__is_staff__exact",
          "filter_type": "BooleanFilter"
        },
        {
          "name": "author__is_staff",
          "filter_type": "BooleanFilter"
        },
        {
          "name": "author__is_staff__isnull",
          "filter_type": "BooleanFilter"
        },
        {
          "name": "author__is_active__exact",
          "filter_type": "BooleanFilter"
        },
        {
          "name": "author__is_active",
          "filter_type": "BooleanFilter"
        },
        {
          "name": "author__is_active__isnull",
          "filter_type": "BooleanFilter"
        },
        {
          "name": "author__date_joined__exact",
          "filter_type": "DateFilter"
        },
        {
          "name": "author__date_joined__gt",
          "filter_type": "DateFilter"
        },
        {
          "name": "author__date_joined__gte",
          "filter_type": "DateFilter"
        },
        {
          "name": "author__date_joined__lt",
          "filter_type": "DateFilter"
        },
        {
          "name": "author__date_joined__lte",
          "filter_type": "DateFilter"
        },
        {
          "name": "author__date_joined__date",
          "filter_type": "DateFilter"
        },
        {
          "name": "author__date_joined__year",
          "filter_type": "NumberFilter"
        },
        {
          "name": "author__date_joined__month",
          "filter_type": "NumberFilter"
        },
        {
          "name": "author__date_joined__day",
          "filter_type": "NumberFilter"
        },
        {
          "name": "author__bio__exact",
          "filter_type": "CharFilter"
        },
        {
          "name": "author__bio",
          "filter_type": "CharFilter"
        },
        {
          "name": "author__bio__icontains",
          "filter_type": "CharFilter"
        },
        {
          "name": "author__bio__istartswith",
          "filter_type": "CharFilter"
        },
        {
          "name": "author__bio__iendswith",
          "filter_type": "CharFilter"
        },
        {
          "name": "title",
          "filter_type": "CharFilter"
        },
        {
          "name": "title__contains",
          "filter_type": "CharFilter"
        },
        {
          "name": "title__icontains",
          "filter_type": "CharFilter"
        },
        {
          "name": "title__startswith",
          "filter_type": "CharFilter"
        },
        {
          "name": "title__endswith",
          "filter_type": "CharFilter"
        },
        {
          "name": "title__exact",
          "filter_type": "CharFilter"
        },
        {
          "name": "slug",
          "filter_type": "CharFilter"
        },
        {
          "name": "slug__contains",
          "filter_type": "CharFilter"
        },
        {
          "name": "slug__icontains",
          "filter_type": "CharFilter"
        },
        {
          "name": "slug__startswith",
          "filter_type": "CharFilter"
        },
        {
          "name": "slug__endswith",
          "filter_type": "CharFilter"
        },
        {
          "name": "slug__exact",
          "filter_type": "CharFilter"
        },
        {
          "name": "content",
          "filter_type": "CharFilter"
        },
        {
          "name": "content__contains",
          "filter_type": "CharFilter"
        },
        {
          "name": "content__icontains",
          "filter_type": "CharFilter"
        },
        {
          "name": "content__startswith",
          "filter_type": "CharFilter"
        },
        {
          "name": "content__endswith",
          "filter_type": "CharFilter"
        },
        {
          "name": "content__exact",
          "filter_type": "CharFilter"
        },
        {
          "name": "excerpt",
          "filter_type": "CharFilter"
        },
        {
          "name": "excerpt__contains",
          "filter_type": "CharFilter"
        },
        {
          "name": "excerpt__icontains",
          "filter_type": "CharFilter"
        },
        {
          "name": "excerpt__startswith",
          "filter_type": "CharFilter"
        },
        {
          "name": "excerpt__endswith",
          "filter_type": "CharFilter"
        },
        {
          "name": "excerpt__exact",
          "filter_type": "CharFilter"
        },
        {
          "name": "category",
          "filter_type": "NumberFilter"
        },
        {
          "name": "category__in",
          "filter_type": "ModelMultipleChoiceFilter"
        },
        {
          "name": "category__id__exact",
          "filter_type": "NumberFilter"
        },
        {
          "name": "category__id__gt",
          "filter_type": "NumberFilter"
        },
        {
          "name": "category__id__gte",
          "filter_type": "NumberFilter"
        },
        {
          "name": "category__id__lt",
          "filter_type": "NumberFilter"
        },
        {
          "name": "category__id__lte",
          "filter_type": "NumberFilter"
        },
        {
          "name": "category__id__range",
          "filter_type": "RangeFilter"
        },
        {
          "name": "category__name__exact",
          "filter_type": "CharFilter"
        },
        {
          "name": "category__name",
          "filter_type": "CharFilter"
        },
        {
          "name": "category__name__icontains",
          "filter_type": "CharFilter"
        },
        {
          "name": "category__name__istartswith",
          "filter_type": "CharFilter"
        },
        {
          "name": "category__name__iendswith",
          "filter_type": "CharFilter"
        },
        {
          "name": "category__slug__exact",
          "filter_type": "CharFilter"
        },
        {
          "name": "category__slug",
          "filter_type": "CharFilter"
        },
        {
          "name": "category__slug__icontains",
          "filter_type": "CharFilter"
        },
        {
          "name": "category__slug__istartswith",
          "filter_type": "CharFilter"
        },
        {
          "name": "category__slug__iendswith",
          "filter_type": "CharFilter"
        },
        {
          "name": "category__description__exact",
          "filter_type": "CharFilter"
        },
        {
          "name": "category__description",
          "filter_type": "CharFilter"
        },
        {
          "name": "category__description__icontains",
          "filter_type": "CharFilter"
        },
        {
          "name": "category__description__istartswith",
          "filter_type": "CharFilter"
        },
        {
          "name": "category__description__iendswith",
          "filter_type": "CharFilter"
        },
        {
          "name": "category__is_active__exact",
          "filter_type": "BooleanFilter"
        },
        {
          "name": "category__is_active",
          "filter_type": "BooleanFilter"
        },
        {
          "name": "category__is_active__isnull",
          "filter_type": "BooleanFilter"
        },
        {
          "name": "category__created_at__exact",
          "filter_type": "DateFilter"
        },
        {
          "name": "category__created_at__gt",
          "filter_type": "DateFilter"
        },
        {
          "name": "category__created_at__gte",
          "filter_type": "DateFilter"
        },
        {
          "name": "category__created_at__lt",
          "filter_type": "DateFilter"
        },
        {
          "name": "category__created_at__lte",
          "filter_type": "DateFilter"
        },
        {
          "name": "category__created_at__date",
          "filter_type": "DateFilter"
        },
        {
          "name": "category__created_at__year",
          "filter_type": "NumberFilter"
        },
        {
          "name": "category__created_at__month",
          "filter_type": "NumberFilter"
        },
        {
          "name": "category__created_at__day",
          "filter_type": "NumberFilter"
        },
        {
          "name": "category__updated_at__exact",
          "filter_type": "DateFilter"
        },
        {
          "name": "category__updated_at__gt",
          "filter_type": "DateFilter"
        },
        {
          "name": "category__updated_at__gte",
          "filter_type": "DateFilter"
        },
        {
          "name": "category__updated_at__lt",
          "filter_type": "DateFilter"
        },
        {
          "name": "category__updated_at__lte",
          "filter_type": "DateFilter"
        },
        {
          "name": "category__updated_at__date",
          "filter_type": "DateFilter"
        },
        {
          "name": "category__updated_at__year",
          "filter_type": "NumberFilter"
        },
        {
          "name": "category__updated_at__month",
          "filter_type": "NumberFilter"
        },
        {
          "name": "category__updated_at__day",
          "filter_type": "NumberFilter"
        },
        {
          "name": "status",
          "filter_type": "CharFilter"
        },
        {
          "name": "status__contains",
          "filter_type": "CharFilter"
        },
        {
          "name": "status__icontains",
          "filter_type": "CharFilter"
        },
        {
          "name": "status__startswith",
          "filter_type": "CharFilter"
        },
        {
          "name": "status__endswith",
          "filter_type": "CharFilter"
        },
        {
          "name": "status__exact",
          "filter_type": "CharFilter"
        },
        {
          "name": "featured_image",
          "filter_type": "CharFilter"
        },
        {
          "name": "featured_image__contains",
          "filter_type": "CharFilter"
        },
        {
          "name": "featured_image__icontains",
          "filter_type": "CharFilter"
        },
        {
          "name": "featured_image__startswith",
          "filter_type": "CharFilter"
        },
        {
          "name": "featured_image__endswith",
          "filter_type": "CharFilter"
        },
        {
          "name": "featured_image__exact",
          "filter_type": "CharFilter"
        },
        {
          "name": "is_featured",
          "filter_type": "BooleanFilter"
        },
        {
          "name": "view_count",
          "filter_type": "NumberFilter"
        },
        {
          "name": "view_count__gt",
          "filter_type": "NumberFilter"
        },
        {
          "name": "view_count__gte",
          "filter_type": "NumberFilter"
        },
        {
          "name": "view_count__lt",
          "filter_type": "NumberFilter"
        },
        {
          "name": "view_count__lte",
          "filter_type": "NumberFilter"
        },
        {
          "name": "view_count__range",
          "filter_type": "RangeFilter"
        },
        {
          "name": "created_at__year",
          "filter_type": "NumberFilter"
        },
        {
          "name": "created_at__month",
          "filter_type": "NumberFilter"
        },
        {
          "name": "created_at__day",
          "filter_type": "NumberFilter"
        },
        {
          "name": "created_at__gt",
          "filter_type": "DateFilter"
        },
        {
          "name": "created_at__lt",
          "filter_type": "DateFilter"
        },
        {
          "name": "created_at__range",
          "filter_type": "DateRangeFilter"
        },
        {
          "name": "created_at_today",
          "filter_type": "BooleanFilter"
        },
        {
          "name": "created_at_yesterday",
          "filter_type": "BooleanFilter"
        },
        {
          "name": "created_at_this_week",
          "filter_type": "BooleanFilter"
        },
        {
          "name": "created_at_past_week",
          "filter_type": "BooleanFilter"
        },
        {
          "name": "created_at_this_month",
          "filter_type": "BooleanFilter"
        },
        {
          "name": "created_at_past_month",
          "filter_type": "BooleanFilter"
        },
        {
          "name": "created_at_this_year",
          "filter_type": "BooleanFilter"
        },
        {
          "name": "created_at_past_year",
          "filter_type": "BooleanFilter"
        },
        {
          "name": "updated_at__year",
          "filter_type": "NumberFilter"
        },
        {
          "name": "updated_at__month",
          "filter_type": "NumberFilter"
        },
        {
          "name": "updated_at__day",
          "filter_type": "NumberFilter"
        },
        {
          "name": "updated_at__gt",
          "filter_type": "DateFilter"
        },
        {
          "name": "updated_at__lt",
          "filter_type": "DateFilter"
        },
        {
          "name": "updated_at__range",
          "filter_type": "DateRangeFilter"
        },
        {
          "name": "updated_at_today",
          "filter_type": "BooleanFilter"
        },
        {
          "name": "updated_at_yesterday",
          "filter_type": "BooleanFilter"
        },
        {
          "name": "updated_at_this_week",
          "filter_type": "BooleanFilter"
        },
        {
          "name": "updated_at_past_week",
          "filter_type": "BooleanFilter"
        },
        {
          "name": "updated_at_this_month",
          "filter_type": "BooleanFilter"
        },
        {
          "name": "updated_at_past_month",
          "filter_type": "BooleanFilter"
        },
        {
          "name": "updated_at_this_year",
          "filter_type": "BooleanFilter"
        },
        {
          "name": "updated_at_past_year",
          "filter_type": "BooleanFilter"
        },
        {
          "name": "published_at__year",
          "filter_type": "NumberFilter"
        },
        {
          "name": "published_at__month",
          "filter_type": "NumberFilter"
        },
        {
          "name": "published_at__day",
          "filter_type": "NumberFilter"
        },
        {
          "name": "published_at__gt",
          "filter_type": "DateFilter"
        },
        {
          "name": "published_at__lt",
          "filter_type": "DateFilter"
        },
        {
          "name": "published_at__range",
          "filter_type": "DateRangeFilter"
        },
        {
          "name": "published_at_today",
          "filter_type": "BooleanFilter"
        },
        {
          "name": "published_at_yesterday",
          "filter_type": "BooleanFilter"
        },
        {
          "name": "published_at_this_week",
          "filter_type": "BooleanFilter"
        },
        {
          "name": "published_at_past_week",
          "filter_type": "BooleanFilter"
        },
        {
          "name": "published_at_this_month",
          "filter_type": "BooleanFilter"
        },
        {
          "name": "published_at_past_month",
          "filter_type": "BooleanFilter"
        },
        {
          "name": "published_at_this_year",
          "filter_type": "BooleanFilter"
        },
        {
          "name": "published_at_past_year",
          "filter_type": "BooleanFilter"
        },
        {
          "name": "language",
          "filter_type": "CharFilter"
        },
        {
          "name": "language__contains",
          "filter_type": "CharFilter"
        },
        {
          "name": "language__icontains",
          "filter_type": "CharFilter"
        },
        {
          "name": "language__startswith",
          "filter_type": "CharFilter"
        },
        {
          "name": "language__endswith",
          "filter_type": "CharFilter"
        },
        {
          "name": "language__exact",
          "filter_type": "CharFilter"
        },
        {
          "name": "tags",
          "filter_type": "NumberFilter"
        },
        {
          "name": "tags__in",
          "filter_type": "ModelMultipleChoiceFilter"
        },
        {
          "name": "tags_count",
          "filter_type": "NumberFilter"
        },
        {
          "name": "tags_count__gt",
          "filter_type": "NumberFilter"
        },
        {
          "name": "tags_count__gte",
          "filter_type": "NumberFilter"
        },
        {
          "name": "tags_count__lt",
          "filter_type": "NumberFilter"
        },
        {
          "name": "tags_count__lte",
          "filter_type": "NumberFilter"
        },
        {
          "name": "tags__id__exact",
          "filter_type": "NumberFilter"
        },
        {
          "name": "tags__id__gt",
          "filter_type": "NumberFilter"
        },
        {
          "name": "tags__id__gte",
          "filter_type": "NumberFilter"
        },
        {
          "name": "tags__id__lt",
          "filter_type": "NumberFilter"
        },
        {
          "name": "tags__id__lte",
          "filter_type": "NumberFilter"
        },
        {
          "name": "tags__id__range",
          "filter_type": "RangeFilter"
        },
        {
          "name": "tags__name__exact",
          "filter_type": "CharFilter"
        },
        {
          "name": "tags__name",
          "filter_type": "CharFilter"
        },
        {
          "name": "tags__name__icontains",
          "filter_type": "CharFilter"
        },
        {
          "name": "tags__name__istartswith",
          "filter_type": "CharFilter"
        },
        {
          "name": "tags__name__iendswith",
          "filter_type": "CharFilter"
        },
        {
          "name": "tags__slug__exact",
          "filter_type": "CharFilter"
        },
        {
          "name": "tags__slug",
          "filter_type": "CharFilter"
        },
        {
          "name": "tags__slug__icontains",
          "filter_type": "CharFilter"
        },
        {
          "name": "tags__slug__istartswith",
          "filter_type": "CharFilter"
        },
        {
          "name": "tags__slug__iendswith",
          "filter_type": "CharFilter"
        },
        {
          "name": "tags__color__exact",
          "filter_type": "CharFilter"
        },
        {
          "name": "tags__color",
          "filter_type": "CharFilter"
        },
        {
          "name": "tags__color__icontains",
          "filter_type": "CharFilter"
        },
        {
          "name": "tags__color__istartswith",
          "filter_type": "CharFilter"
        },
        {
          "name": "tags__color__iendswith",
          "filter_type": "CharFilter"
        },
        {
          "name": "tags__is_active__exact",
          "filter_type": "BooleanFilter"
        },
        {
          "name": "tags__is_active",
          "filter_type": "BooleanFilter"
        },
        {
          "name": "tags__is_active__isnull",
          "filter_type": "BooleanFilter"
        },
        {
          "name": "tags__created_at__exact",
          "filter_type": "DateFilter"
        },
        {
          "name": "tags__created_at__gt",
          "filter_type": "DateFilter"
        },
        {
          "name": "tags__created_at__gte",
          "filter_type": "DateFilter"
        },
        {
          "name": "tags__created_at__lt",
          "filter_type": "DateFilter"
        },
        {
          "name": "tags__created_at__lte",
          "filter_type": "DateFilter"
        },
        {
          "name": "tags__created_at__date",
          "filter_type": "DateFilter"
        },
        {
          "name": "tags__created_at__year",
          "filter_type": "NumberFilter"
        },
        {
          "name": "tags__created_at__month",
          "filter_type": "NumberFilter"
        },
        {
          "name": "tags__created_at__day",
          "filter_type": "NumberFilter"
        },
        {
          "name": "has_comments",
          "filter_type": "BooleanFilter"
        },
        {
          "name": "content_length",
          "filter_type": "CharFilter"
        },
        {
          "name": "tag_count",
          "filter_type": "NumberFilter"
        },
        {
          "name": "published_this_year",
          "filter_type": "CharFilter"
        },
        {
          "name": "engagement_level",
          "filter_type": "CharFilter"
        },
        {
          "name": "reading_time",
          "filter_type": "CharFilter"
        },
        {
          "name": "quick",
          "filter_type": "CharFilter"
        },
        {
          "name": "comments_count",
          "filter_type": "NumberFilter"
        },
        {
          "name": "comments_count__gt",
          "filter_type": "NumberFilter"
        },
        {
          "name": "comments_count__gte",
          "filter_type": "NumberFilter"
        },
        {
          "name": "comments_count__lt",
          "filter_type": "NumberFilter"
        },
        {
          "name": "comments_count__lte",
          "filter_type": "NumberFilter"
        },
        {
          "name": "comments__id",
          "filter_type": "NumberFilter"
        },
        {
          "name": "comments__id__in",
          "filter_type": "Comments__IdInFilter"
        },
        {
          "name": "comments__id__gt",
          "filter_type": "NumberFilter"
        },
        {
          "name": "comments__id__gte",
          "filter_type": "NumberFilter"
        },
        {
          "name": "comments__id__lt",
          "filter_type": "NumberFilter"
        },
        {
          "name": "comments__id__lte",
          "filter_type": "NumberFilter"
        },
        {
          "name": "comments__id__isnull",
          "filter_type": "BooleanFilter"
        },
        {
          "name": "comments__post",
          "filter_type": "ModelChoiceFilter"
        },
        {
          "name": "comments__post__in",
          "filter_type": "ModelMultipleChoiceFilter"
        },
        {
          "name": "comments__post__isnull",
          "filter_type": "BooleanFilter"
        },
        {
          "name": "comments__post__id",
          "filter_type": "NumberFilter"
        },
        {
          "name": "comments__post__id__in",
          "filter_type": "Comments__Post__IdInFilter"
        },
        {
          "name": "comments__post__id__gt",
          "filter_type": "NumberFilter"
        },
        {
          "name": "comments__post__id__gte",
          "filter_type": "NumberFilter"
        },
        {
          "name": "comments__post__id__lt",
          "filter_type": "NumberFilter"
        },
        {
          "name": "comments__post__id__lte",
          "filter_type": "NumberFilter"
        },
        {
          "name": "comments__post__id__isnull",
          "filter_type": "BooleanFilter"
        },
        {
          "name": "comments__post__author",
          "filter_type": "ModelChoiceFilter"
        },
        {
          "name": "comments__post__author__in",
          "filter_type": "ModelMultipleChoiceFilter"
        },
        {
          "name": "comments__post__author__isnull",
          "filter_type": "BooleanFilter"
        },
        {
          "name": "comments__post__title",
          "filter_type": "CharFilter"
        },
        {
          "name": "comments__post__title__contains",
          "filter_type": "CharFilter"
        },
        {
          "name": "comments__post__title__icontains",
          "filter_type": "CharFilter"
        },
        {
          "name": "comments__post__title__startswith",
          "filter_type": "CharFilter"
        },
        {
          "name": "comments__post__title__endswith",
          "filter_type": "CharFilter"
        },
        {
          "name": "comments__post__title__exact",
          "filter_type": "CharFilter"
        },
        {
          "name": "comments__post__title__isnull",
          "filter_type": "BooleanFilter"
        },
        {
          "name": "comments__post__slug",
          "filter_type": "CharFilter"
        },
        {
          "name": "comments__post__slug__contains",
          "filter_type": "CharFilter"
        },
        {
          "name": "comments__post__slug__icontains",
          "filter_type": "CharFilter"
        },
        {
          "name": "comments__post__slug__startswith",
          "filter_type": "CharFilter"
        },
        {
          "name": "comments__post__slug__endswith",
          "filter_type": "CharFilter"
        },
        {
          "name": "comments__post__slug__exact",
          "filter_type": "CharFilter"
        },
        {
          "name": "comments__post__slug__isnull",
          "filter_type": "BooleanFilter"
        },
        {
          "name": "comments__post__content",
          "filter_type": "CharFilter"
        },
        {
          "name": "comments__post__content__contains",
          "filter_type": "CharFilter"
        },
        {
          "name": "comments__post__content__icontains",
          "filter_type": "CharFilter"
        },
        {
          "name": "comments__post__content__startswith",
          "filter_type": "CharFilter"
        },
        {
          "name": "comments__post__content__endswith",
          "filter_type": "CharFilter"
        },
        {
          "name": "comments__post__content__exact",
          "filter_type": "CharFilter"
        },
        {
          "name": "comments__post__content__isnull",
          "filter_type": "BooleanFilter"
        },
        {
          "name": "comments__post__excerpt",
          "filter_type": "CharFilter"
        },
        {
          "name": "comments__post__excerpt__contains",
          "filter_type": "CharFilter"
        },
        {
          "name": "comments__post__excerpt__icontains",
          "filter_type": "CharFilter"
        },
        {
          "name": "comments__post__excerpt__startswith",
          "filter_type": "CharFilter"
        },
        {
          "name": "comments__post__excerpt__endswith",
          "filter_type": "CharFilter"
        },
        {
          "name": "comments__post__excerpt__exact",
          "filter_type": "CharFilter"
        },
        {
          "name": "comments__post__excerpt__isnull",
          "filter_type": "BooleanFilter"
        },
        {
          "name": "comments__post__category",
          "filter_type": "ModelChoiceFilter"
        },
        {
          "name": "comments__post__category__in",
          "filter_type": "ModelMultipleChoiceFilter"
        },
        {
          "name": "comments__post__category__isnull",
          "filter_type": "BooleanFilter"
        },
        {
          "name": "comments__post__status",
          "filter_type": "CharFilter"
        },
        {
          "name": "comments__post__status__contains",
          "filter_type": "CharFilter"
        },
        {
          "name": "comments__post__status__icontains",
          "filter_type": "CharFilter"
        },
        {
          "name": "comments__post__status__startswith",
          "filter_type": "CharFilter"
        },
        {
          "name": "comments__post__status__endswith",
          "filter_type": "CharFilter"
        },
        {
          "name": "comments__post__status__exact",
          "filter_type": "CharFilter"
        },
        {
          "name": "comments__post__status__isnull",
          "filter_type": "BooleanFilter"
        },
        {
          "name": "comments__post__featured_image",
          "filter_type": "CharFilter"
        },
        {
          "name": "comments__post__featured_image__contains",
          "filter_type": "CharFilter"
        },
        {
          "name": "comments__post__featured_image__icontains",
          "filter_type": "CharFilter"
        },
        {
          "name": "comments__post__featured_image__startswith",
          "filter_type": "CharFilter"
        },
        {
          "name": "comments__post__featured_image__endswith",
          "filter_type": "CharFilter"
        },
        {
          "name": "comments__post__featured_image__exact",
          "filter_type": "CharFilter"
        },
        {
          "name": "comments__post__featured_image__isnull",
          "filter_type": "BooleanFilter"
        },
        {
          "name": "comments__post__is_featured",
          "filter_type": "BooleanFilter"
        },
        {
          "name": "comments__post__is_featured__isnull",
          "filter_type": "BooleanFilter"
        },
        {
          "name": "comments__post__view_count",
          "filter_type": "NumberFilter"
        },
        {
          "name": "comments__post__view_count__in",
          "filter_type": "Comments__Post__View_CountInFilter"
        },
        {
          "name": "comments__post__view_count__gt",
          "filter_type": "NumberFilter"
        },
        {
          "name": "comments__post__view_count__gte",
          "filter_type": "NumberFilter"
        },
        {
          "name": "comments__post__view_count__lt",
          "filter_type": "NumberFilter"
        },
        {
          "name": "comments__post__view_count__lte",
          "filter_type": "NumberFilter"
        },
        {
          "name": "comments__post__view_count__isnull",
          "filter_type": "BooleanFilter"
        },
        {
          "name": "comments__post__created_at",
          "filter_type": "DateFilter"
        },
        {
          "name": "comments__post__created_at__gt",
          "filter_type": "DateFilter"
        },
        {
          "name": "comments__post__created_at__gte",
          "filter_type": "DateFilter"
        },
        {
          "name": "comments__post__created_at__lt",
          "filter_type": "DateFilter"
        },
        {
          "name": "comments__post__created_at__lte",
          "filter_type": "DateFilter"
        },
        {
          "name": "comments__post__created_at__isnull",
          "filter_type": "BooleanFilter"
        },
        {
          "name": "comments__post__updated_at",
          "filter_type": "DateFilter"
        },
        {
          "name": "comments__post__updated_at__gt",
          "filter_type": "DateFilter"
        },
        {
          "name": "comments__post__updated_at__gte",
          "filter_type": "DateFilter"
        },
        {
          "name": "comments__post__updated_at__lt",
          "filter_type": "DateFilter"
        },
        {
          "name": "comments__post__updated_at__lte",
          "filter_type": "DateFilter"
        },
        {
          "name": "comments__post__updated_at__isnull",
          "filter_type": "BooleanFilter"
        },
        {
          "name": "comments__post__updated_at__year",
          "filter_type": "NumberFilter"
        },
        {
          "name": "comments__post__updated_at__month",
          "filter_type": "NumberFilter"
        },
        {
          "name": "comments__post__updated_at__day",
          "filter_type": "NumberFilter"
        },
        {
          "name": "comments__post__published_at",
          "filter_type": "DateFilter"
        },
        {
          "name": "comments__post__published_at__gt",
          "filter_type": "DateFilter"
        },
        {
          "name": "comments__post__published_at__gte",
          "filter_type": "DateFilter"
        },
        {
          "name": "comments__post__published_at__lt",
          "filter_type": "DateFilter"
        },
        {
          "name": "comments__post__published_at__lte",
          "filter_type": "DateFilter"
        },
        {
          "name": "comments__post__published_at__isnull",
          "filter_type": "BooleanFilter"
        },
        {
          "name": "comments__post__published_at__year",
          "filter_type": "NumberFilter"
        },
        {
          "name": "comments__post__published_at__month",
          "filter_type": "NumberFilter"
        },
        {
          "name": "comments__post__published_at__day",
          "filter_type": "NumberFilter"
        },
        {
          "name": "comments__post__language",
          "filter_type": "CharFilter"
        },
        {
          "name": "comments__post__language__contains",
          "filter_type": "CharFilter"
        },
        {
          "name": "comments__post__language__icontains",
          "filter_type": "CharFilter"
        },
        {
          "name": "comments__post__language__startswith",
          "filter_type": "CharFilter"
        },
        {
          "name": "comments__post__language__endswith",
          "filter_type": "CharFilter"
        },
        {
          "name": "comments__post__language__exact",
          "filter_type": "CharFilter"
        },
        {
          "name": "comments__post__language__isnull",
          "filter_type": "BooleanFilter"
        },
        {
          "name": "comments__post__tags",
          "filter_type": "ModelMultipleChoiceFilter"
        },
        {
          "name": "comments__post__tags__in",
          "filter_type": "ModelMultipleChoiceFilter"
        },
        {
          "name": "comments__post__tags__isnull",
          "filter_type": "BooleanFilter"
        },
        {
          "name": "comments__author",
          "filter_type": "ModelChoiceFilter"
        },
        {
          "name": "comments__author__in",
          "filter_type": "ModelMultipleChoiceFilter"
        },
        {
          "name": "comments__author__isnull",
          "filter_type": "BooleanFilter"
        },
        {
          "name": "comments__author__profile",
          "filter_type": "ModelChoiceFilter"
        },
        {
          "name": "comments__author__profile__in",
          "filter_type": "ModelMultipleChoiceFilter"
        },
        {
          "name": "comments__author__profile__isnull",
          "filter_type": "BooleanFilter"
        },
        {
          "name": "comments__author__id",
          "filter_type": "NumberFilter"
        },
        {
          "name": "comments__author__id__in",
          "filter_type": "Comments__Author__IdInFilter"
        },
        {
          "name": "comments__author__id__gt",
          "filter_type": "NumberFilter"
        },
        {
          "name": "comments__author__id__gte",
          "filter_type": "NumberFilter"
        },
        {
          "name": "comments__author__id__lt",
          "filter_type": "NumberFilter"
        },
        {
          "name": "comments__author__id__lte",
          "filter_type": "NumberFilter"
        },
        {
          "name": "comments__author__id__isnull",
          "filter_type": "BooleanFilter"
        },
        {
          "name": "comments__author__password",
          "filter_type": "CharFilter"
        },
        {
          "name": "comments__author__password__contains",
          "filter_type": "CharFilter"
        },
        {
          "name": "comments__author__password__icontains",
          "filter_type": "CharFilter"
        },
        {
          "name": "comments__author__password__startswith",
          "filter_type": "CharFilter"
        },
        {
          "name": "comments__author__password__endswith",
          "filter_type": "CharFilter"
        },
        {
          "name": "comments__author__password__exact",
          "filter_type": "CharFilter"
        },
        {
          "name": "comments__author__password__isnull",
          "filter_type": "BooleanFilter"
        },
        {
          "name": "comments__author__last_login",
          "filter_type": "DateFilter"
        },
        {
          "name": "comments__author__last_login__gt",
          "filter_type": "DateFilter"
        },
        {
          "name": "comments__author__last_login__gte",
          "filter_type": "DateFilter"
        },
        {
          "name": "comments__author__last_login__lt",
          "filter_type": "DateFilter"
        },
        {
          "name": "comments__author__last_login__lte",
          "filter_type": "DateFilter"
        },
        {
          "name": "comments__author__last_login__isnull",
          "filter_type": "BooleanFilter"
        },
        {
          "name": "comments__author__last_login__year",
          "filter_type": "NumberFilter"
        },
        {
          "name": "comments__author__last_login__month",
          "filter_type": "NumberFilter"
        },
        {
          "name": "comments__author__last_login__day",
          "filter_type": "NumberFilter"
        },
        {
          "name": "comments__author__is_superuser",
          "filter_type": "BooleanFilter"
        },
        {
          "name": "comments__author__is_superuser__isnull",
          "filter_type": "BooleanFilter"
        },
        {
          "name": "comments__author__username",
          "filter_type": "CharFilter"
        },
        {
          "name": "comments__author__username__contains",
          "filter_type": "CharFilter"
        },
        {
          "name": "comments__author__username__icontains",
          "filter_type": "CharFilter"
        },
        {
          "name": "comments__author__username__startswith",
          "filter_type": "CharFilter"
        },
        {
          "name": "comments__author__username__endswith",
          "filter_type": "CharFilter"
        },
        {
          "name": "comments__author__username__exact",
          "filter_type": "CharFilter"
        },
        {
          "name": "comments__author__username__isnull",
          "filter_type": "BooleanFilter"
        },
        {
          "name": "comments__author__first_name",
          "filter_type": "CharFilter"
        },
        {
          "name": "comments__author__first_name__contains",
          "filter_type": "CharFilter"
        },
        {
          "name": "comments__author__first_name__icontains",
          "filter_type": "CharFilter"
        },
        {
          "name": "comments__author__first_name__startswith",
          "filter_type": "CharFilter"
        },
        {
          "name": "comments__author__first_name__endswith",
          "filter_type": "CharFilter"
        },
        {
          "name": "comments__author__first_name__exact",
          "filter_type": "CharFilter"
        },
        {
          "name": "comments__author__first_name__isnull",
          "filter_type": "BooleanFilter"
        },
        {
          "name": "comments__author__last_name",
          "filter_type": "CharFilter"
        },
        {
          "name": "comments__author__last_name__contains",
          "filter_type": "CharFilter"
        },
        {
          "name": "comments__author__last_name__icontains",
          "filter_type": "CharFilter"
        },
        {
          "name": "comments__author__last_name__startswith",
          "filter_type": "CharFilter"
        },
        {
          "name": "comments__author__last_name__endswith",
          "filter_type": "CharFilter"
        },
        {
          "name": "comments__author__last_name__exact",
          "filter_type": "CharFilter"
        },
        {
          "name": "comments__author__last_name__isnull",
          "filter_type": "BooleanFilter"
        },
        {
          "name": "comments__author__email",
          "filter_type": "CharFilter"
        },
        {
          "name": "comments__author__email__contains",
          "filter_type": "CharFilter"
        },
        {
          "name": "comments__author__email__icontains",
          "filter_type": "CharFilter"
        },
        {
          "name": "comments__author__email__startswith",
          "filter_type": "CharFilter"
        },
        {
          "name": "comments__author__email__endswith",
          "filter_type": "CharFilter"
        },
        {
          "name": "comments__author__email__exact",
          "filter_type": "CharFilter"
        },
        {
          "name": "comments__author__email__isnull",
          "filter_type": "BooleanFilter"
        },
        {
          "name": "comments__author__is_staff",
          "filter_type": "BooleanFilter"
        },
        {
          "name": "comments__author__is_staff__isnull",
          "filter_type": "BooleanFilter"
        },
        {
          "name": "comments__author__is_active",
          "filter_type": "BooleanFilter"
        },
        {
          "name": "comments__author__is_active__isnull",
          "filter_type": "BooleanFilter"
        },
        {
          "name": "comments__author__date_joined",
          "filter_type": "DateFilter"
        },
        {
          "name": "comments__author__date_joined__gt",
          "filter_type": "DateFilter"
        },
        {
          "name": "comments__author__date_joined__gte",
          "filter_type": "DateFilter"
        },
        {
          "name": "comments__author__date_joined__lt",
          "filter_type": "DateFilter"
        },
        {
          "name": "comments__author__date_joined__lte",
          "filter_type": "DateFilter"
        },
        {
          "name": "comments__author__date_joined__isnull",
          "filter_type": "BooleanFilter"
        },
        {
          "name": "comments__author__date_joined__year",
          "filter_type": "NumberFilter"
        },
        {
          "name": "comments__author__date_joined__month",
          "filter_type": "NumberFilter"
        },
        {
          "name": "comments__author__date_joined__day",
          "filter_type": "NumberFilter"
        },
        {
          "name": "comments__author__bio",
          "filter_type": "CharFilter"
        },
        {
          "name": "comments__author__bio__contains",
          "filter_type": "CharFilter"
        },
        {
          "name": "comments__author__bio__icontains",
          "filter_type": "CharFilter"
        },
        {
          "name": "comments__author__bio__startswith",
          "filter_type": "CharFilter"
        },
        {
          "name": "comments__author__bio__endswith",
          "filter_type": "CharFilter"
        },
        {
          "name": "comments__author__bio__exact",
          "filter_type": "CharFilter"
        },
        {
          "name": "comments__author__bio__isnull",
          "filter_type": "BooleanFilter"
        },
        {
          "name": "comments__author__groups",
          "filter_type": "ModelMultipleChoiceFilter"
        },
        {
          "name": "comments__author__groups__in",
          "filter_type": "ModelMultipleChoiceFilter"
        },
        {
          "name": "comments__author__groups__isnull",
          "filter_type": "BooleanFilter"
        },
        {
          "name": "comments__author__user_permissions",
          "filter_type": "ModelMultipleChoiceFilter"
        },
        {
          "name": "comments__author__user_permissions__in",
          "filter_type": "ModelMultipleChoiceFilter"
        },
        {
          "name": "comments__author__user_permissions__isnull",
          "filter_type": "BooleanFilter"
        },
        {
          "name": "comments__content",
          "filter_type": "CharFilter"
        },
        {
          "name": "comments__content__contains",
          "filter_type": "CharFilter"
        },
        {
          "name": "comments__content__icontains",
          "filter_type": "CharFilter"
        },
        {
          "name": "comments__content__startswith",
          "filter_type": "CharFilter"
        },
        {
          "name": "comments__content__endswith",
          "filter_type": "CharFilter"
        },
        {
          "name": "comments__content__exact",
          "filter_type": "CharFilter"
        },
        {
          "name": "comments__content__isnull",
          "filter_type": "BooleanFilter"
        },
        {
          "name": "comments__parent",
          "filter_type": "ModelChoiceFilter"
        },
        {
          "name": "comments__parent__in",
          "filter_type": "ModelMultipleChoiceFilter"
        },
        {
          "name": "comments__parent__isnull",
          "filter_type": "BooleanFilter"
        },
        {
          "name": "comments__parent__id",
          "filter_type": "NumberFilter"
        },
        {
          "name": "comments__parent__id__in",
          "filter_type": "Comments__Parent__IdInFilter"
        },
        {
          "name": "comments__parent__id__gt",
          "filter_type": "NumberFilter"
        },
        {
          "name": "comments__parent__id__gte",
          "filter_type": "NumberFilter"
        },
        {
          "name": "comments__parent__id__lt",
          "filter_type": "NumberFilter"
        },
        {
          "name": "comments__parent__id__lte",
          "filter_type": "NumberFilter"
        },
        {
          "name": "comments__parent__id__isnull",
          "filter_type": "BooleanFilter"
        },
        {
          "name": "comments__parent__post",
          "filter_type": "ModelChoiceFilter"
        },
        {
          "name": "comments__parent__post__in",
          "filter_type": "ModelMultipleChoiceFilter"
        },
        {
          "name": "comments__parent__post__isnull",
          "filter_type": "BooleanFilter"
        },
        {
          "name": "comments__parent__author",
          "filter_type": "ModelChoiceFilter"
        },
        {
          "name": "comments__parent__author__in",
          "filter_type": "ModelMultipleChoiceFilter"
        },
        {
          "name": "comments__parent__author__isnull",
          "filter_type": "BooleanFilter"
        },
        {
          "name": "comments__parent__content",
          "filter_type": "CharFilter"
        },
        {
          "name": "comments__parent__content__contains",
          "filter_type": "CharFilter"
        },
        {
          "name": "comments__parent__content__icontains",
          "filter_type": "CharFilter"
        },
        {
          "name": "comments__parent__content__startswith",
          "filter_type": "CharFilter"
        },
        {
          "name": "comments__parent__content__endswith",
          "filter_type": "CharFilter"
        },
        {
          "name": "comments__parent__content__exact",
          "filter_type": "CharFilter"
        },
        {
          "name": "comments__parent__content__isnull",
          "filter_type": "BooleanFilter"
        },
        {
          "name": "comments__parent__parent",
          "filter_type": "ModelChoiceFilter"
        },
        {
          "name": "comments__parent__parent__in",
          "filter_type": "ModelMultipleChoiceFilter"
        },
        {
          "name": "comments__parent__parent__isnull",
          "filter_type": "BooleanFilter"
        },
        {
          "name": "comments__parent__is_approved",
          "filter_type": "BooleanFilter"
        },
        {
          "name": "comments__parent__is_approved__isnull",
          "filter_type": "BooleanFilter"
        },
        {
          "name": "comments__parent__is_flagged",
          "filter_type": "BooleanFilter"
        },
        {
          "name": "comments__parent__is_flagged__isnull",
          "filter_type": "BooleanFilter"
        },
        {
          "name": "comments__parent__created_at",
          "filter_type": "DateFilter"
        },
        {
          "name": "comments__parent__created_at__gt",
          "filter_type": "DateFilter"
        },
        {
          "name": "comments__parent__created_at__gte",
          "filter_type": "DateFilter"
        },
        {
          "name": "comments__parent__created_at__lt",
          "filter_type": "DateFilter"
        },
        {
          "name": "comments__parent__created_at__lte",
          "filter_type": "DateFilter"
        },
        {
          "name": "comments__parent__created_at__isnull",
          "filter_type": "BooleanFilter"
        },
        {
          "name": "comments__parent__created_at__year",
          "filter_type": "NumberFilter"
        },
        {
          "name": "comments__parent__created_at__month",
          "filter_type": "NumberFilter"
        },
        {
          "name": "comments__parent__created_at__day",
          "filter_type": "NumberFilter"
        },
        {
          "name": "comments__parent__updated_at",
          "filter_type": "DateFilter"
        },
        {
          "name": "comments__parent__updated_at__gt",
          "filter_type": "DateFilter"
        },
        {
          "name": "comments__parent__updated_at__gte",
          "filter_type": "DateFilter"
        },
        {
          "name": "comments__parent__updated_at__lt",
          "filter_type": "DateFilter"
        },
        {
          "name": "comments__parent__updated_at__lte",
          "filter_type": "DateFilter"
        },
        {
          "name": "comments__parent__updated_at__isnull",
          "filter_type": "BooleanFilter"
        },
        {
          "name": "comments__parent__updated_at__year",
          "filter_type": "NumberFilter"
        },
        {
          "name": "comments__parent__updated_at__month",
          "filter_type": "NumberFilter"
        },
        {
          "name": "comments__parent__updated_at__day",
          "filter_type": "NumberFilter"
        },
        {
          "name": "comments__is_approved",
          "filter_type": "BooleanFilter"
        },
        {
          "name": "comments__is_approved__isnull",
          "filter_type": "BooleanFilter"
        },
        {
          "name": "comments__is_flagged",
          "filter_type": "BooleanFilter"
        },
        {
          "name": "comments__is_flagged__isnull",
          "filter_type": "BooleanFilter"
        },
        {
          "name": "comments__created_at",
          "filter_type": "DateFilter"
        },
        {
          "name": "comments__created_at__gt",
          "filter_type": "DateFilter"
        },
        {
          "name": "comments__created_at__gte",
          "filter_type": "DateFilter"
        },
        {
          "name": "comments__created_at__lt",
          "filter_type": "DateFilter"
        },
        {
          "name": "comments__created_at__lte",
          "filter_type": "DateFilter"
        },
        {
          "name": "comments__created_at__isnull",
          "filter_type": "BooleanFilter"
        },
        {
          "name": "comments__created_at__year",
          "filter_type": "NumberFilter"
        },
        {
          "name": "comments__created_at__month",
          "filter_type": "NumberFilter"
        },
        {
          "name": "comments__created_at__day",
          "filter_type": "NumberFilter"
        },
        {
          "name": "comments__updated_at",
          "filter_type": "DateFilter"
        },
        {
          "name": "comments__updated_at__gt",
          "filter_type": "DateFilter"
        },
        {
          "name": "comments__updated_at__gte",
          "filter_type": "DateFilter"
        },
        {
          "name": "comments__updated_at__lt",
          "filter_type": "DateFilter"
        },
        {
          "name": "comments__updated_at__lte",
          "filter_type": "DateFilter"
        },
        {
          "name": "comments__updated_at__isnull",
          "filter_type": "BooleanFilter"
        },
        {
          "name": "comments__updated_at__year",
          "filter_type": "NumberFilter"
        },
        {
          "name": "comments__updated_at__month",
          "filter_type": "NumberFilter"
        },
        {
          "name": "comments__updated_at__day",
          "filter_type": "NumberFilter"
        },
        {
          "name": "pk",
          "filter_type": "CharFilter"
        },
        {
          "name": "pk__contains",
          "filter_type": "CharFilter"
        },
        {
          "name": "pk__icontains",
          "filter_type": "CharFilter"
        },
        {
          "name": "pk__startswith",
          "filter_type": "CharFilter"
        },
        {
          "name": "pk__endswith",
          "filter_type": "CharFilter"
        },
        {
          "name": "pk__exact",
          "filter_type": "CharFilter"
        }
      ]
    }
  }
}
Found 534 filters
